2026-02-10 22:25:47.514876: I tensorflow/core/platform/cpu_feature_guard.cc:193] This TensorFlow binary is optimized with oneAPI Deep Neural Network Library (oneDNN) to use the following CPU instructions in performance-critical operations:  AVX2 FMA
To enable them in other operations, rebuild TensorFlow with the appropriate compiler flags.
2026-02-10 22:25:47.821625: E tensorflow/stream_executor/cuda/cuda_blas.cc:2981] Unable to register cuBLAS factory: Attempting to register factory for plugin cuBLAS when one has already been registered
2026-02-10 22:25:53.648762: W tensorflow/stream_executor/platform/default/dso_loader.cc:64] Could not load dynamic library 'libnvinfer.so.7'; dlerror: libnvinfer.so.7: cannot open shared object file: No such file or directory; LD_LIBRARY_PATH: /apps/zen3/software/cuDNN/8.2.1.32-CUDA-11.3.1/lib:/apps/zen3/software/CUDA/11.3.1/nvvm/lib64:/apps/zen3/software/CUDA/11.3.1/extras/CUPTI/lib64:/apps/zen3/software/CUDA/11.3.1/lib:/apps/zen3/software/Python/3.10.4-GCCcore-11.3.0/lib:/apps/zen3/software/OpenSSL/1.1/lib:/apps/zen3/software/libffi/3.4.2-GCCcore-11.3.0/lib64:/apps/zen3/software/GMP/6.2.1-GCCcore-11.3.0/lib:/apps/zen3/software/XZ/5.2.5-GCCcore-11.3.0/lib:/apps/zen3/software/SQLite/3.38.3-GCCcore-11.3.0/lib:/apps/zen3/software/Tcl/8.6.12-GCCcore-11.3.0/lib:/apps/zen3/software/libreadline/8.1.2-GCCcore-11.3.0/lib:/apps/zen3/software/ncurses/6.3-GCCcore-11.3.0/lib:/apps/zen3/software/bzip2/1.0.8-GCCcore-11.3.0/lib:/apps/zen3/software/binutils/2.38-GCCcore-11.3.0/lib:/apps/zen3/software/zlib/1.2.12-GCCcore-11.3.0/lib:/apps/zen3/software/GCCcore/11.3.0/lib64
2026-02-10 22:25:53.664588: W tensorflow/stream_executor/platform/default/dso_loader.cc:64] Could not load dynamic library 'libnvinfer_plugin.so.7'; dlerror: libnvinfer_plugin.so.7: cannot open shared object file: No such file or directory; LD_LIBRARY_PATH: /apps/zen3/software/cuDNN/8.2.1.32-CUDA-11.3.1/lib:/apps/zen3/software/CUDA/11.3.1/nvvm/lib64:/apps/zen3/software/CUDA/11.3.1/extras/CUPTI/lib64:/apps/zen3/software/CUDA/11.3.1/lib:/apps/zen3/software/Python/3.10.4-GCCcore-11.3.0/lib:/apps/zen3/software/OpenSSL/1.1/lib:/apps/zen3/software/libffi/3.4.2-GCCcore-11.3.0/lib64:/apps/zen3/software/GMP/6.2.1-GCCcore-11.3.0/lib:/apps/zen3/software/XZ/5.2.5-GCCcore-11.3.0/lib:/apps/zen3/software/SQLite/3.38.3-GCCcore-11.3.0/lib:/apps/zen3/software/Tcl/8.6.12-GCCcore-11.3.0/lib:/apps/zen3/software/libreadline/8.1.2-GCCcore-11.3.0/lib:/apps/zen3/software/ncurses/6.3-GCCcore-11.3.0/lib:/apps/zen3/software/bzip2/1.0.8-GCCcore-11.3.0/lib:/apps/zen3/software/binutils/2.38-GCCcore-11.3.0/lib:/apps/zen3/software/zlib/1.2.12-GCCcore-11.3.0/lib:/apps/zen3/software/GCCcore/11.3.0/lib64
2026-02-10 22:25:53.666229: W tensorflow/compiler/tf2tensorrt/utils/py_utils.cc:38] TF-TRT Warning: Cannot dlopen some TensorRT libraries. If you would like to use Nvidia GPU with TensorRT, please make sure the missing libraries mentioned above are installed properly.
2026-02-10 22:26:07.889476: I tensorflow/stream_executor/cuda/cuda_gpu_executor.cc:980] successful NUMA node read from SysFS had negative value (-1), but there must be at least one NUMA node, so returning NUMA node zero
2026-02-10 22:26:07.947096: I tensorflow/stream_executor/cuda/cuda_gpu_executor.cc:980] successful NUMA node read from SysFS had negative value (-1), but there must be at least one NUMA node, so returning NUMA node zero
2026-02-10 22:26:07.949660: I tensorflow/stream_executor/cuda/cuda_gpu_executor.cc:980] successful NUMA node read from SysFS had negative value (-1), but there must be at least one NUMA node, so returning NUMA node zero
2026-02-10 22:26:08.177229: I tensorflow/core/platform/cpu_feature_guard.cc:193] This TensorFlow binary is optimized with oneAPI Deep Neural Network Library (oneDNN) to use the following CPU instructions in performance-critical operations:  AVX2 FMA
To enable them in other operations, rebuild TensorFlow with the appropriate compiler flags.
2026-02-10 22:26:08.179327: I tensorflow/stream_executor/cuda/cuda_gpu_executor.cc:980] successful NUMA node read from SysFS had negative value (-1), but there must be at least one NUMA node, so returning NUMA node zero
2026-02-10 22:26:08.182187: I tensorflow/stream_executor/cuda/cuda_gpu_executor.cc:980] successful NUMA node read from SysFS had negative value (-1), but there must be at least one NUMA node, so returning NUMA node zero
2026-02-10 22:26:08.184639: I tensorflow/stream_executor/cuda/cuda_gpu_executor.cc:980] successful NUMA node read from SysFS had negative value (-1), but there must be at least one NUMA node, so returning NUMA node zero
2026-02-10 22:26:08.656743: I tensorflow/stream_executor/cuda/cuda_gpu_executor.cc:980] successful NUMA node read from SysFS had negative value (-1), but there must be at least one NUMA node, so returning NUMA node zero
2026-02-10 22:26:08.663962: I tensorflow/stream_executor/cuda/cuda_gpu_executor.cc:980] successful NUMA node read from SysFS had negative value (-1), but there must be at least one NUMA node, so returning NUMA node zero
2026-02-10 22:26:08.666544: I tensorflow/stream_executor/cuda/cuda_gpu_executor.cc:980] successful NUMA node read from SysFS had negative value (-1), but there must be at least one NUMA node, so returning NUMA node zero
2026-02-10 22:26:08.669174: I tensorflow/core/common_runtime/gpu/gpu_device.cc:1616] Created device /job:localhost/replica:0/task:0/device:GPU:0 with 14128 MB memory:  -> device: 0, name: NVIDIA GeForce RTX 4060 Ti, pci bus id: 0000:06:00.0, compute capability: 8.9
2026-02-10 22:26:13.728971: I tensorflow/stream_executor/cuda/cuda_dnn.cc:384] Loaded cuDNN version 8201
2026-02-10 22:26:15.041507: W tensorflow/stream_executor/gpu/asm_compiler.cc:230] Falling back to the CUDA driver for PTX compilation; ptxas does not support CC 8.9
2026-02-10 22:26:15.047174: W tensorflow/stream_executor/gpu/asm_compiler.cc:233] Used ptxas at ptxas
2026-02-10 22:26:15.048867: W tensorflow/stream_executor/gpu/redzone_allocator.cc:314] UNIMPLEMENTED: ptxas ptxas too old. Falling back to the driver to compile.
Relying on driver to perform ptx compilation. 
Modify $PATH to customize ptxas location.
This message will be only logged once.
2026-02-10 22:26:16.752468: I tensorflow/stream_executor/cuda/cuda_blas.cc:1614] TensorFloat-32 will be used for the matrix multiplication. This will only be logged once.
