2026-02-11 10:41:19.055249: I tensorflow/core/platform/cpu_feature_guard.cc:193] This TensorFlow binary is optimized with oneAPI Deep Neural Network Library (oneDNN) to use the following CPU instructions in performance-critical operations:  AVX2 FMA
To enable them in other operations, rebuild TensorFlow with the appropriate compiler flags.
2026-02-11 10:41:19.363592: E tensorflow/stream_executor/cuda/cuda_blas.cc:2981] Unable to register cuBLAS factory: Attempting to register factory for plugin cuBLAS when one has already been registered
2026-02-11 10:41:25.286286: W tensorflow/stream_executor/platform/default/dso_loader.cc:64] Could not load dynamic library 'libnvinfer.so.7'; dlerror: libnvinfer.so.7: cannot open shared object file: No such file or directory; LD_LIBRARY_PATH: /apps/zen3/software/cuDNN/8.2.1.32-CUDA-11.3.1/lib:/apps/zen3/software/CUDA/11.3.1/nvvm/lib64:/apps/zen3/software/CUDA/11.3.1/extras/CUPTI/lib64:/apps/zen3/software/CUDA/11.3.1/lib:/apps/zen3/software/Python/3.10.4-GCCcore-11.3.0/lib:/apps/zen3/software/OpenSSL/1.1/lib:/apps/zen3/software/libffi/3.4.2-GCCcore-11.3.0/lib64:/apps/zen3/software/GMP/6.2.1-GCCcore-11.3.0/lib:/apps/zen3/software/XZ/5.2.5-GCCcore-11.3.0/lib:/apps/zen3/software/SQLite/3.38.3-GCCcore-11.3.0/lib:/apps/zen3/software/Tcl/8.6.12-GCCcore-11.3.0/lib:/apps/zen3/software/libreadline/8.1.2-GCCcore-11.3.0/lib:/apps/zen3/software/ncurses/6.3-GCCcore-11.3.0/lib:/apps/zen3/software/bzip2/1.0.8-GCCcore-11.3.0/lib:/apps/zen3/software/binutils/2.38-GCCcore-11.3.0/lib:/apps/zen3/software/zlib/1.2.12-GCCcore-11.3.0/lib:/apps/zen3/software/GCCcore/11.3.0/lib64
2026-02-11 10:41:25.302285: W tensorflow/stream_executor/platform/default/dso_loader.cc:64] Could not load dynamic library 'libnvinfer_plugin.so.7'; dlerror: libnvinfer_plugin.so.7: cannot open shared object file: No such file or directory; LD_LIBRARY_PATH: /apps/zen3/software/cuDNN/8.2.1.32-CUDA-11.3.1/lib:/apps/zen3/software/CUDA/11.3.1/nvvm/lib64:/apps/zen3/software/CUDA/11.3.1/extras/CUPTI/lib64:/apps/zen3/software/CUDA/11.3.1/lib:/apps/zen3/software/Python/3.10.4-GCCcore-11.3.0/lib:/apps/zen3/software/OpenSSL/1.1/lib:/apps/zen3/software/libffi/3.4.2-GCCcore-11.3.0/lib64:/apps/zen3/software/GMP/6.2.1-GCCcore-11.3.0/lib:/apps/zen3/software/XZ/5.2.5-GCCcore-11.3.0/lib:/apps/zen3/software/SQLite/3.38.3-GCCcore-11.3.0/lib:/apps/zen3/software/Tcl/8.6.12-GCCcore-11.3.0/lib:/apps/zen3/software/libreadline/8.1.2-GCCcore-11.3.0/lib:/apps/zen3/software/ncurses/6.3-GCCcore-11.3.0/lib:/apps/zen3/software/bzip2/1.0.8-GCCcore-11.3.0/lib:/apps/zen3/software/binutils/2.38-GCCcore-11.3.0/lib:/apps/zen3/software/zlib/1.2.12-GCCcore-11.3.0/lib:/apps/zen3/software/GCCcore/11.3.0/lib64
2026-02-11 10:41:25.303807: W tensorflow/compiler/tf2tensorrt/utils/py_utils.cc:38] TF-TRT Warning: Cannot dlopen some TensorRT libraries. If you would like to use Nvidia GPU with TensorRT, please make sure the missing libraries mentioned above are installed properly.
2026-02-11 10:41:39.279794: I tensorflow/stream_executor/cuda/cuda_gpu_executor.cc:980] successful NUMA node read from SysFS had negative value (-1), but there must be at least one NUMA node, so returning NUMA node zero
2026-02-11 10:41:39.336902: I tensorflow/stream_executor/cuda/cuda_gpu_executor.cc:980] successful NUMA node read from SysFS had negative value (-1), but there must be at least one NUMA node, so returning NUMA node zero
2026-02-11 10:41:39.339450: I tensorflow/stream_executor/cuda/cuda_gpu_executor.cc:980] successful NUMA node read from SysFS had negative value (-1), but there must be at least one NUMA node, so returning NUMA node zero
2026-02-11 10:41:39.566357: I tensorflow/core/platform/cpu_feature_guard.cc:193] This TensorFlow binary is optimized with oneAPI Deep Neural Network Library (oneDNN) to use the following CPU instructions in performance-critical operations:  AVX2 FMA
To enable them in other operations, rebuild TensorFlow with the appropriate compiler flags.
2026-02-11 10:41:39.568715: I tensorflow/stream_executor/cuda/cuda_gpu_executor.cc:980] successful NUMA node read from SysFS had negative value (-1), but there must be at least one NUMA node, so returning NUMA node zero
2026-02-11 10:41:39.571482: I tensorflow/stream_executor/cuda/cuda_gpu_executor.cc:980] successful NUMA node read from SysFS had negative value (-1), but there must be at least one NUMA node, so returning NUMA node zero
2026-02-11 10:41:39.574181: I tensorflow/stream_executor/cuda/cuda_gpu_executor.cc:980] successful NUMA node read from SysFS had negative value (-1), but there must be at least one NUMA node, so returning NUMA node zero
2026-02-11 10:41:40.043843: I tensorflow/stream_executor/cuda/cuda_gpu_executor.cc:980] successful NUMA node read from SysFS had negative value (-1), but there must be at least one NUMA node, so returning NUMA node zero
2026-02-11 10:41:40.050559: I tensorflow/stream_executor/cuda/cuda_gpu_executor.cc:980] successful NUMA node read from SysFS had negative value (-1), but there must be at least one NUMA node, so returning NUMA node zero
2026-02-11 10:41:40.053311: I tensorflow/stream_executor/cuda/cuda_gpu_executor.cc:980] successful NUMA node read from SysFS had negative value (-1), but there must be at least one NUMA node, so returning NUMA node zero
2026-02-11 10:41:40.055792: I tensorflow/core/common_runtime/gpu/gpu_device.cc:1616] Created device /job:localhost/replica:0/task:0/device:GPU:0 with 14128 MB memory:  -> device: 0, name: NVIDIA GeForce RTX 4060 Ti, pci bus id: 0000:06:00.0, compute capability: 8.9
2026-02-11 10:41:45.152020: I tensorflow/stream_executor/cuda/cuda_dnn.cc:384] Loaded cuDNN version 8201
2026-02-11 10:41:46.440962: W tensorflow/stream_executor/gpu/asm_compiler.cc:230] Falling back to the CUDA driver for PTX compilation; ptxas does not support CC 8.9
2026-02-11 10:41:46.446888: W tensorflow/stream_executor/gpu/asm_compiler.cc:233] Used ptxas at ptxas
2026-02-11 10:41:46.448948: W tensorflow/stream_executor/gpu/redzone_allocator.cc:314] UNIMPLEMENTED: ptxas ptxas too old. Falling back to the driver to compile.
Relying on driver to perform ptx compilation. 
Modify $PATH to customize ptxas location.
This message will be only logged once.
2026-02-11 10:41:48.070080: I tensorflow/stream_executor/cuda/cuda_blas.cc:1614] TensorFloat-32 will be used for the matrix multiplication. This will only be logged once.
2026-02-11 13:55:29.603801: W tensorflow/core/kernels/data/generator_dataset_op.cc:108] Error occurred when finalizing GeneratorDataset iterator: FAILED_PRECONDITION: Python interpreter state is not initialized. The process may be terminated.
	 [[{{node PyFunc}}]]
